..........................................h....................................................
..................,,,...,,,........h.................,,,2,,,.....................,,,......h....
..,,,..................................d.....................................................h.
...............###########...........................#######..........d.......#######......,,,,
..h................................................##................,,,,,.....................
....h.....,,,,,,.............................##......................................#####.....
...............................###########.........,,,,,..,,,......########....................
.......###########.............................................................................
..........................,,,,...,,,,,,,1.........############.....................2...........
.s@..........................................................................................e.
###############################################################################################
///////////////////////////////////////////////////////////////////////////////////////////////
///////////////////////////////////////////////////////////////////////////////////////////////
///////////////////////////////////////////////////////////////////////////////////////////////                                                                                                                                                                                                                                                                                                                                                                                          