.......................................##################...................................
,,,.....................,,,,,1........./,,,,...................................................
......................#.......#......../.,.,...................................................
###...###.........####/#######/......../..,.........,,,,,,1,,,1........................,,,,,,1.
../.../..#.......#.....TTTTTTT........./.,.,...................................................
../ttt/...#............................/..,...##################,,,,,,,...............#########
../###/....#............,,2,,,........./#....................../....................##.........
..TTTTT.....#........................../...2,,,.2.,,,..1.,,,,../......#........................
..,,,,,................#######........./......................./....../.....#..................
.................2....#....TTT........./#################....../....../...../.................
.............................................................../....../...../..................
.s..@..........####...............1......,,,,,,2...,,,...1...../....../...../.............1..e
..........#####/////####......................................./tttttt/ttttt/ttt#..............
##########///////////////######################################/######/#########/##############
///////////////////////////////////////////////////////////////////////////////////////////////
///////////////////////////////////////////////////////////////////////////////////////////////
///////////////////////////////////////////////////////////////////////////////////////////////                                                                                                                                                                                                                                                                                                                                                                                     