,,,,,,,,,,,,......................................,,,,....................,,,,,,,,1...................2
.........1.........................................2............................................,,,,,....
..................................................................#################...........###########
##################......,,,,,,,,,,,,1.........##########............................###,,,,,,........
...............................................................2............................
...........,,,,,,1......#################...................,,,,,,,,...................,,,,,2,,,,............2.....
...........................................................########..........................             ,,,,,,
.......##############.....................................#////////#....................#########        ########
........................................................##//////////##....................................
.s.@...........................1.................2.....#//////////////#.........1........,,,,,,,,........2.........e.
.......................................................#//////////////#...............................................
######################################################################################################################
//////////////////////////////////////////////////////////////////////////////////////////////////////////////////////
//////////////////////////////////////////////////////////////////////////////////////////////////////////////////////                                                                                                                                                                                                                                                                                                                                                                                       