...............................................................................................
...............................................................................................
,,,4..........b.......,,,,,,,.1..................................................,,,4.,,,,.....
............b..................................................................................
#####.................#########.................................................###########....
..................................................b.....b......................................
........##...........,,,,,................................b...............#....................
2.......//.....##..................#########.........................#..../.........b..........
........//..........#######...###...........##..................#..../..../............b.......
##....##//..........................,,,,,...//.............#..../..../..../....................
........//..........................,,,,,...//............./..../..../..../....................
.s......//#.........................,,,,,1..//##.........../..../..../..../..............1...e.
...@....///#................................////.........../tttt/tttt/tttt/....................
########////################################////###########/####/####/####/####################
///////////////////////////////////////////////////////////////////////////////////////////////
///////////////////////////////////////////////////////////////////////////////////////////////                                                                                                                                                                                                                                                                                                                                                                 