/............,,,,,.............................................................................
/..............t.................,2,.........................................,,,,....,,,,,...e.
/..........#########..............................######................1................t....
/2,,,,....#.........#............###.......#####...........................#......#############
/....................#.......................................############../....../.,.,.,.,.,..
/#######.....................#.........#.................................../....../,.,........,
/TTTTTT/.....,,,,,.....1...../ttttttttt/...............1.................../tttttt/.,........,.
/..........................#//#########/##.................................////////,2,......###
/.............##########.....................###########........................../..........,.
/.,,2,.......#................,,,,,.....................#................,,,,,..1./#####....,.,
/...........................................................2...................../............
/########..............................................................###########/..........
TT..........................#......#........................#####.........................#####
s.@...................1....#/#...../...........2.................1............................1
..........................#///ttttt/#..........................................................
##########################////#####//###########################################################
////////////////////////////////////////////////////////////////////////////////////////////////
////////////////////////////////////////////////////////////////////////////////////////////////
////////////////////////////////////////////////////////////////////////////////////////////////                                                                                                                                                                                                                                                                                                                                                                              