...................#.,.#..........#.......,,,,,,,,1............................2.........3..,.,
,.,................/,.,/....##..../..........................................................,.
.,................./.,./........../......##########..........,,.............################,.,
,.,....4.........##/,.,/........../........................,,..,,....4.......................,.
.,................./.,./........../.....................,,,......,,,.........,,,,,,,,,,,.1..,.,
,.,..#####........./,.,/........../##................#####........######.....................,.
.,..............2../.,./........../.................#..../......../..../####################,.,
,.,................/,.,/tttttttttt/...........######/..../tttttttt/..........................,.
.............######/.,./##########/.........../........../########/.........,.,.,.,.,.......,.,
...........##...........TTTTTTTTTT.......#####/..............................,.,.,.,.,.......,.
...........//............................//..................2..............,.,.,.,.,.......,.,
.s@........//..................3.........//.e.........4...................4..,.,.,.,.,1......,.
...........//............................//................######..........................####
###########//############################//################//////##########################////
/////////////////////////////////////////////////////////////////////////////////////////////// 
///////////////////////////////////////////////////////////////////////////////////////////////
                                                                                                                                                                                                                                                                                                                                                                      